{
  "timestamp" : "1512588536.6979856",
  "count" : 3,
  "activities" : [ {
    "id" : "123445_6789_1234567687",
    "timestamp" : 1.512587261278938E9,
    "type" : 2,
    "activityType" : "GraphCommentMediaStory",
    "user" : {
      "id" : 3,
      "username" : "kevin",
      "fullName" : "Kevin Systrom",
      "profilePicUrl" : "https://scontent-arn2-1.cdninstagram.com/t51.2885-19/s150x150/13732144_1764457777134045_549538515_a.jpg"
    },
    "media" : {
      "displayUrl" : "https://scontent-arn2-1.cdninstagram.com/t51.2885-15/s640x640/sh0.08/e35/23969991_129279851076056_7486944925477502976_n.jpg",
      "mediaType" : "GraphImage",
      "id" : 1662145441069886076,
      "shortcode" : "BcVEzBTgqKh"
    },
    "text" : "example"
  }, {
    "id" : "-92_1234567687",
    "timestamp" : 1.512583170414482E9,
    "type" : 3,
    "activityType" : "GraphFollowAggregatedStory",
    "user" : {
      "id" : 3,
      "username" : "kevin",
      "fullName" : "Kevin Systrom",
      "followedByViewer" : true,
      "profilePicUrl" : "https://scontent-arn2-1.cdninstagram.com/t51.2885-19/s150x150/13732144_1764457777134045_549538515_a.jpg",
      "requestedByViewer" : false
    }
  }, {
    "id" : "876528_49077_123456787",
    "timestamp" : 1.512580191725406E9,
    "type" : 1,
    "activityType" : "GraphLikeAggregatedStory",
    "user" : {
      "id" : 3,
      "username" : "kevin",
      "fullName" : "Kevin Systrom",
      "profilePicUrl" : "https://scontent-arn2-1.cdninstagram.com/t51.2885-19/s150x150/13732144_1764457777134045_549538515_a.jpg"
    },
    "media" : {
      "displayUrl" : "https://scontent-arn2-1.cdninstagram.com/t51.2885-15/s640x640/sh0.08/e35/23969991_129279851076056_7486944925477502976_n.jpg",
      "mediaType" : "GraphImage",
      "id" : 1662145441069886076,
      "shortcode" : "BcVEzBTgqKh"
    }
  } ]
}