{
  "height" : 1080,
  "width" : 1080,
  "displayUrl" : "https://scontent-arn2-1.cdninstagram.com/t51.2885-15/e35/24125732_1999015577011997_6749469877926363136_n.jpg",
  "displayResources" : [ {
    "src" : "https://scontent-arn2-1.cdninstagram.com/t51.2885-15/s640x640/sh0.08/e35/24125732_1999015577011997_6749469877926363136_n.jpg",
    "width" : 640,
    "height" : 640
  }, {
    "src" : "https://scontent-arn2-1.cdninstagram.com/t51.2885-15/s750x750/sh0.08/e35/24125732_1999015577011997_6749469877926363136_n.jpg",
    "width" : 750,
    "height" : 750
  }, {
    "src" : "https://scontent-arn2-1.cdninstagram.com/t51.2885-15/e35/24125732_1999015577011997_6749469877926363136_n.jpg",
    "width" : 1080,
    "height" : 1080
  } ],
  "isVideo" : false,
  "shouldLogClientEvent" : false,
  "trackingToken" : "eyJ2ZXJzaW9uIjo1LCJwYXlsb2FkIjp7ImlzX2FuYWx5dGljc190cmFja2VkIjpmYWxzZSwidXVpZCI6IjkxNjJkZTdjYmQwYzRkMjk4ZGIyZmNkOGM1N2UxZDM0MTY1Njc0ODQ1NzQ0MzQyMDAxOCJ9LCJzaWduYXR1cmUiOiIifQ==",
  "mediaType" : "GraphSidecar",
  "id" : 1656748457443420018,
  "shortcode" : "Bb98_G4F2dy",
  "caption" : "The Blue Lagoon, Iceland ðŸ’™ðŸ‡®ðŸ‡¸ @ls_conditioning",
  "commentCount" : 1,
  "commentPreview" : {
    "nodes" : [ {
      "id" : 17886094540139269,
      "text" : "#iceland #bluelagoon #travel #makingmemories #travelling #travellingcouple #relationshipgoals #couplegoals #goals #instatravel #instafit #instafitness #fitnesscouple #fit #fitfam #fitspo #fitness #fitinspo #love #husbandandwife #training #bodygoals #winter #mrandmrs #reykjavik",
      "createdAt" : 1511720139000,
      "owner" : {
        "id" : 366997351,
        "username" : "beverleymarie91",
        "profilePicUrl" : "https://scontent-arn2-1.cdninstagram.com/t51.2885-19/s150x150/18948092_1844893555831455_8044960592835903488_a.jpg"
      },
      "created" : 1511720139000
    } ],
    "count" : 1,
    "pageInfo" : {
      "hasNextPage" : false
    }
  },
  "commentsDisabled" : false,
  "captionIsEdited" : false,
  "takenAtTimestamp" : 1511719828000,
  "likeCount" : 14,
  "firstLikes" : [ {
    "id" : 19436665,
    "username" : "toozey",
    "profilePicUrl" : "https://scontent-arn2-1.cdninstagram.com/t51.2885-19/11017573_692967487482446_1194337213_a.jpg"
  }, {
    "id" : 14157247,
    "username" : "jennygreen11",
    "profilePicUrl" : "https://scontent-arn2-1.cdninstagram.com/t51.2885-19/s150x150/16229048_632907803554578_5982659426354462720_n.jpg"
  }, {
    "id" : 254214429,
    "username" : "luceal1",
    "profilePicUrl" : "https://scontent-arn2-1.cdninstagram.com/t51.2885-19/s150x150/19761507_1817038278610703_4333959616158236672_a.jpg"
  }, {
    "id" : 488811801,
    "username" : "emsingrams",
    "profilePicUrl" : "https://scontent-arn2-1.cdninstagram.com/t51.2885-19/s150x150/15625426_1676532809312009_2294481639599767552_a.jpg"
  }, {
    "id" : 37647692,
    "username" : "__acrrr",
    "profilePicUrl" : "https://scontent-arn2-1.cdninstagram.com/t51.2885-19/s150x150/17267832_427512767593144_8649885721202524160_a.jpg"
  }, {
    "id" : 183630189,
    "username" : "jamilladavis",
    "profilePicUrl" : "https://scontent-arn2-1.cdninstagram.com/t51.2885-19/s150x150/23498665_1396652293779064_5652360975114829824_n.jpg"
  }, {
    "id" : 195131396,
    "username" : "sianlj91",
    "profilePicUrl" : "https://scontent-arn2-1.cdninstagram.com/t51.2885-19/s150x150/12934896_1544776775816803_448188927_a.jpg"
  }, {
    "id" : 4010949084,
    "username" : "world.widers",
    "profilePicUrl" : "https://scontent-arn2-1.cdninstagram.com/t51.2885-19/s150x150/16123466_130816704097295_6435188369050828800_a.jpg"
  }, {
    "id" : 178038051,
    "username" : "sara1191",
    "profilePicUrl" : "https://scontent-arn2-1.cdninstagram.com/t51.2885-19/s150x150/15623598_1092894107486071_7289517210299531264_a.jpg"
  }, {
    "id" : 244362701,
    "username" : "johnjohnjohnson29",
    "profilePicUrl" : "https://scontent-arn2-1.cdninstagram.com/t51.2885-19/s150x150/13092433_1801300113431505_1838057063_a.jpg"
  } ],
  "location" : {
    "id" : 243297961,
    "name" : "Blue Lagoon Iceland",
    "slug" : "blue-lagoon-iceland"
  },
  "owner" : {
    "id" : 366997351,
    "username" : "beverleymarie91",
    "fullName" : "beverleymarie91",
    "isPrivate" : false,
    "isVerified" : false,
    "blockedByViewer" : "false",
    "followedByViewer" : false,
    "hasBlockedViewer" : false,
    "profilePicUrl" : "https://scontent-arn2-1.cdninstagram.com/t51.2885-19/s150x150/18948092_1844893555831455_8044960592835903488_a.jpg",
    "requestedByViewer" : false,
    "isUnpublished" : false
  },
  "viewerHasLiked" : false,
  "viewerHasSaved" : false,
  "viewerHasSavedToCollection" : false,
  "isAdvertising" : false,
  "carouselMedia" : [ {
    "shortcode" : "Bb98xMPF0HE",
    "height" : 1080,
    "width" : 1080,
    "displayUrl" : "https://scontent-arn2-1.cdninstagram.com/t51.2885-15/e35/24125732_1999015577011997_6749469877926363136_n.jpg",
    "displayResources" : [ {
      "src" : "https://scontent-arn2-1.cdninstagram.com/t51.2885-15/s640x640/sh0.08/e35/24125732_1999015577011997_6749469877926363136_n.jpg",
      "width" : 640,
      "height" : 640
    }, {
      "src" : "https://scontent-arn2-1.cdninstagram.com/t51.2885-15/s750x750/sh0.08/e35/24125732_1999015577011997_6749469877926363136_n.jpg",
      "width" : 750,
      "height" : 750
    }, {
      "src" : "https://scontent-arn2-1.cdninstagram.com/t51.2885-15/e35/24125732_1999015577011997_6749469877926363136_n.jpg",
      "width" : 1080,
      "height" : 1080
    } ],
    "isVideo" : false,
    "shouldLogClientEvent" : false,
    "trackingToken" : "eyJ2ZXJzaW9uIjo1LCJwYXlsb2FkIjp7ImlzX2FuYWx5dGljc190cmFja2VkIjpmYWxzZSwidXVpZCI6IjkxNjJkZTdjYmQwYzRkMjk4ZGIyZmNkOGM1N2UxZDM0MTY1Njc0NzUwMTEyNTMyMTE1NiJ9LCJzaWduYXR1cmUiOiIifQ==",
    "taggedUser" : [ {
      "username" : "beverleymarie91",
      "x" : 0.5693333,
      "y" : 0.45733333
    } ]
  }, {
    "shortcode" : "Bb98xZbFZw-",
    "height" : 1080,
    "width" : 1080,
    "displayUrl" : "https://scontent-arn2-1.cdninstagram.com/t51.2885-15/e35/23967435_1892717140968954_6173860967961591808_n.jpg",
    "displayResources" : [ {
      "src" : "https://scontent-arn2-1.cdninstagram.com/t51.2885-15/s640x640/sh0.08/e35/23967435_1892717140968954_6173860967961591808_n.jpg",
      "width" : 640,
      "height" : 640
    }, {
      "src" : "https://scontent-arn2-1.cdninstagram.com/t51.2885-15/s750x750/sh0.08/e35/23967435_1892717140968954_6173860967961591808_n.jpg",
      "width" : 750,
      "height" : 750
    }, {
      "src" : "https://scontent-arn2-1.cdninstagram.com/t51.2885-15/e35/23967435_1892717140968954_6173860967961591808_n.jpg",
      "width" : 1080,
      "height" : 1080
    } ],
    "isVideo" : false,
    "shouldLogClientEvent" : false,
    "trackingToken" : "eyJ2ZXJzaW9uIjo1LCJwYXlsb2FkIjp7ImlzX2FuYWx5dGljc190cmFja2VkIjpmYWxzZSwidXVpZCI6IjkxNjJkZTdjYmQwYzRkMjk4ZGIyZmNkOGM1N2UxZDM0MTY1Njc0NzUxNTI4NTE4MzU1MCJ9LCJzaWduYXR1cmUiOiIifQ==",
    "taggedUser" : [ {
      "username" : "ls_conditioning",
      "x" : 0.5826667,
      "y" : 0.432
    } ]
  } ],
  "taggedUser" : [ {
    "username" : "beverleymarie91",
    "x" : 0.5693333,
    "y" : 0.45733333
  }, {
    "username" : "ls_conditioning",
    "x" : 0.5826667,
    "y" : 0.432
  } ],
  "created" : 1511719828000
}